
> my-app@0.0.0 build
> tsc -b && vite build

src/App.tsx(5,10): error TS1484: 'Movie' is a type and must be imported using a type-only import when 'verbatimModuleSyntax' is enabled.
src/components/Header.tsx(1,20): error TS6133: 'useEffect' is declared but its value is never read.
src/components/HeroBanner.tsx(1,8): error TS6133: 'React' is declared but its value is never read.
src/components/HeroBanner.tsx(4,10): error TS1484: 'Movie' is a type and must be imported using a type-only import when 'verbatimModuleSyntax' is enabled.
src/components/MovieCard.tsx(3,10): error TS1484: 'Movie' is a type and must be imported using a type-only import when 'verbatimModuleSyntax' is enabled.
src/components/MovieRow.tsx(4,10): error TS1484: 'Movie' is a type and must be imported using a type-only import when 'verbatimModuleSyntax' is enabled.
src/components/ui/form.tsx(14,8): error TS2307: Cannot find module 'react-hook-form' or its corresponding type declarations.
src/pages/Home.tsx(6,37): error TS1484: 'Movie' is a type and must be imported using a type-only import when 'verbatimModuleSyntax' is enabled.
src/pages/MovieDetail.tsx(1,8): error TS6133: 'React' is declared but its value is never read.
src/pages/MovieDetail.tsx(3,18): error TS1484: 'Movie' is a type and must be imported using a type-only import when 'verbatimModuleSyntax' is enabled.
